[INFO] Scanning for projects...
[INFO] 
[INFO] --------------------------< strongy:strongy >---------------------------
[INFO] Building Strongy 2.0.0
[INFO]   from pom.xml
[INFO] --------------------------------[ jar ]---------------------------------
[WARNING] 6 problems were encountered while building the effective model for org.openjfx:javafx-controls:jar:21 during dependency collection step for project (use -X to see details)
[INFO] 
[INFO] --- resources:3.3.1:resources (default-resources) @ strongy ---
[WARNING] Using platform encoding (Cp1252 actually) to copy filtered resources, i.e. build is platform dependent!
[INFO] Copying 54 resources from src\main\resources to target\classes
[INFO] 
[INFO] --- compiler:3.11.0:compile (default-compile) @ strongy ---
[INFO] Changes detected - recompiling the module! :source
[WARNING] File encoding has not been set, using platform encoding Cp1252, i.e. build is platform dependent!
[INFO] Compiling 320 source files with javac [debug target 17] to target\classes
[INFO] Some messages have been simplified; recompile with -Xdiags:verbose to get full output
[INFO] -------------------------------------------------------------
[ERROR] COMPILATION ERROR : 
[INFO] -------------------------------------------------------------
[ERROR] /X:/Bigger-Projects/Ninjabrain-Bot/src/main/java/strongy/gui/frames/StrongyFrame.java:[109,75] unmappable character (0x8F) for encoding windows-1252
[ERROR] /X:/Bigger-Projects/Ninjabrain-Bot/src/main/java/strongy/gui/frames/StrongyFrame.java:[69,29] cannot find symbol
  symbol:   class Stage
  location: class strongy.gui.frames.StrongyFrame
[ERROR] /X:/Bigger-Projects/Ninjabrain-Bot/src/main/java/strongy/gui/components/preferences/RadioButtonPanel.java:[10,30] cannot find symbol
  symbol:   class MultipleChoicePreferenceDataTypes
  location: package strongy.io.preferences
[ERROR] /X:/Bigger-Projects/Ninjabrain-Bot/src/main/java/strongy/gui/components/preferences/RadioButtonPanel.java:[11,30] cannot find symbol
  symbol:   class IMultipleChoicePreference
  location: package strongy.io.preferences
[ERROR] /X:/Bigger-Projects/Ninjabrain-Bot/src/main/java/strongy/gui/components/preferences/RadioButtonPanel.java:[17,73] cannot find symbol
  symbol:   class IMultipleChoicePreference
  location: class strongy.gui.components.preferences.RadioButtonPanel
[ERROR] /X:/Bigger-Projects/Ninjabrain-Bot/src/main/java/strongy/gui/GUI.java:[144,51] incompatible types: strongy.gui.frames.StrongyFrame cannot be converted to javax.swing.JFrame
[ERROR] /X:/Bigger-Projects/Ninjabrain-Bot/src/main/java/strongy/gui/frames/StrongyFrame.java:[160,61] cannot find symbol
  symbol:   variable x
  location: variable best of type strongy.model.datastate.stronghold.ChunkPrediction
[ERROR] /X:/Bigger-Projects/Ninjabrain-Bot/src/main/java/strongy/gui/frames/StrongyFrame.java:[160,69] cannot find symbol
  symbol:   variable z
  location: variable best of type strongy.model.datastate.stronghold.ChunkPrediction
[ERROR] /X:/Bigger-Projects/Ninjabrain-Bot/src/main/java/strongy/gui/frames/StrongyFrame.java:[160,77] cannot find symbol
  symbol:   variable certainty
  location: variable best of type strongy.model.datastate.stronghold.ChunkPrediction
[ERROR] /X:/Bigger-Projects/Ninjabrain-Bot/src/main/java/strongy/gui/frames/OptionsFrame.java:[36,17] cannot find symbol
  symbol:   method setLayout(<nulltype>)
  location: class strongy.gui.frames.OptionsFrame
[ERROR] /X:/Bigger-Projects/Ninjabrain-Bot/src/main/java/strongy/gui/frames/OptionsFrame.java:[38,17] cannot find symbol
  symbol:   method add(strongy.gui.components.layout.ThemedTabbedPane)
  location: class strongy.gui.frames.OptionsFrame
[ERROR] /X:/Bigger-Projects/Ninjabrain-Bot/src/main/java/strongy/gui/frames/OptionsFrame.java:[40,63] incompatible types: strongy.gui.options.sections.BasicOptionsPanel cannot be converted to javafx.scene.layout.Region
[ERROR] /X:/Bigger-Projects/Ninjabrain-Bot/src/main/java/strongy/gui/frames/OptionsFrame.java:[41,153] incompatible types: strongy.gui.frames.OptionsFrame cannot be converted to javax.swing.JFrame
[ERROR] /X:/Bigger-Projects/Ninjabrain-Bot/src/main/java/strongy/gui/frames/OptionsFrame.java:[42,114] incompatible types: strongy.gui.frames.OptionsFrame cannot be converted to javax.swing.JFrame
[ERROR] /X:/Bigger-Projects/Ninjabrain-Bot/src/main/java/strongy/gui/frames/OptionsFrame.java:[45,66] incompatible types: strongy.gui.options.sections.LanguageOptionsPanel cannot be converted to javafx.scene.layout.Region
[ERROR] /X:/Bigger-Projects/Ninjabrain-Bot/src/main/java/strongy/gui/frames/OptionsFrame.java:[49,17] cannot find symbol
  symbol:   variable titlebarPanel
  location: class strongy.gui.frames.OptionsFrame
[ERROR] /X:/Bigger-Projects/Ninjabrain-Bot/src/main/java/strongy/gui/frames/OptionsFrame.java:[52,88] invalid method reference
  cannot find symbol
    symbol:   method setAlwaysOnTop()
    location: class strongy.gui.frames.OptionsFrame
[ERROR] /X:/Bigger-Projects/Ninjabrain-Bot/src/main/java/strongy/gui/frames/OptionsFrame.java:[58,38] cannot find symbol
  symbol:   variable titlebarPanel
  location: class strongy.gui.frames.OptionsFrame
[ERROR] /X:/Bigger-Projects/Ninjabrain-Bot/src/main/java/strongy/gui/frames/OptionsFrame.java:[59,45] cannot find symbol
  symbol:   method getPreferredSize()
  location: variable tabbedPane of type strongy.gui.components.layout.ThemedTabbedPane
[ERROR] /X:/Bigger-Projects/Ninjabrain-Bot/src/main/java/strongy/gui/frames/OptionsFrame.java:[60,17] cannot find symbol
  symbol:   variable titlebarPanel
  location: class strongy.gui.frames.OptionsFrame
[ERROR] /X:/Bigger-Projects/Ninjabrain-Bot/src/main/java/strongy/gui/frames/OptionsFrame.java:[61,22] cannot find symbol
  symbol: method updateBounds(strongy.gui.style.StyleManager)
[ERROR] /X:/Bigger-Projects/Ninjabrain-Bot/src/main/java/strongy/gui/frames/OptionsFrame.java:[62,27] cannot find symbol
  symbol:   method setBounds(int,int,int,int)
  location: variable tabbedPane of type strongy.gui.components.layout.ThemedTabbedPane
[ERROR] /X:/Bigger-Projects/Ninjabrain-Bot/src/main/java/strongy/gui/frames/OptionsFrame.java:[63,17] cannot find symbol
  symbol:   method setSize(int,int)
  location: class strongy.gui.frames.OptionsFrame
[ERROR] /X:/Bigger-Projects/Ninjabrain-Bot/src/main/java/strongy/gui/frames/OptionsFrame.java:[64,60] cannot find symbol
  symbol:   method getWidth()
  location: class strongy.gui.frames.OptionsFrame
[ERROR] /X:/Bigger-Projects/Ninjabrain-Bot/src/main/java/strongy/gui/frames/OptionsFrame.java:[64,72] cannot find symbol
  symbol:   method getHeight()
  location: class strongy.gui.frames.OptionsFrame
[ERROR] /X:/Bigger-Projects/Ninjabrain-Bot/src/main/java/strongy/gui/frames/OptionsFrame.java:[64,17] cannot find symbol
  symbol:   method setShape(java.awt.geom.RoundRectangle2D.Double)
  location: class strongy.gui.frames.OptionsFrame
[ERROR] /X:/Bigger-Projects/Ninjabrain-Bot/src/main/java/strongy/io/overlay/OBSOverlay.java:[104,75] cannot find symbol
  symbol:   method getWidth()
  location: variable StrongyFrame of type strongy.gui.frames.StrongyFrame
[ERROR] /X:/Bigger-Projects/Ninjabrain-Bot/src/main/java/strongy/io/overlay/OBSOverlay.java:[104,100] cannot find symbol
  symbol:   method getHeight()
  location: variable StrongyFrame of type strongy.gui.frames.StrongyFrame
[ERROR] /X:/Bigger-Projects/Ninjabrain-Bot/src/main/java/strongy/io/overlay/OBSOverlay.java:[119,75] cannot find symbol
  symbol:   method getWidth()
  location: variable StrongyFrame of type strongy.gui.frames.StrongyFrame
[ERROR] /X:/Bigger-Projects/Ninjabrain-Bot/src/main/java/strongy/io/overlay/OBSOverlay.java:[119,100] cannot find symbol
  symbol:   method getHeight()
  location: variable StrongyFrame of type strongy.gui.frames.StrongyFrame
[ERROR] /X:/Bigger-Projects/Ninjabrain-Bot/src/main/java/strongy/io/overlay/OBSOverlay.java:[122,45] cannot find symbol
  symbol:   method paint(java.awt.Graphics2D)
  location: variable StrongyFrame of type strongy.gui.frames.StrongyFrame
[ERROR] /X:/Bigger-Projects/Ninjabrain-Bot/src/main/java/strongy/gui/mainwindow/triangulation/DetailedTriangulationPanel.java:[28,41] incompatible types: strongy.gui.mainwindow.triangulation.DetailedTriangulationPanel cannot be converted to java.awt.Container
[ERROR] /X:/Bigger-Projects/Ninjabrain-Bot/src/main/java/strongy/gui/mainwindow/triangulation/DetailedTriangulationPanel.java:[29,17] cannot find symbol
  symbol:   method setAlignmentX(int)
  location: class strongy.gui.mainwindow.triangulation.DetailedTriangulationPanel
[ERROR] /X:/Bigger-Projects/Ninjabrain-Bot/src/main/java/strongy/gui/mainwindow/triangulation/DetailedTriangulationPanel.java:[31,17] cannot find symbol
  symbol:   method add(strongy.gui.mainwindow.triangulation.ChunkPanelHeader)
  location: class strongy.gui.mainwindow.triangulation.DetailedTriangulationPanel
[ERROR] /X:/Bigger-Projects/Ninjabrain-Bot/src/main/java/strongy/gui/mainwindow/triangulation/DetailedTriangulationPanel.java:[36,25] cannot find symbol
  symbol:   method add(strongy.gui.mainwindow.triangulation.ChunkPanel)
  location: class strongy.gui.mainwindow.triangulation.DetailedTriangulationPanel
[ERROR] /X:/Bigger-Projects/Ninjabrain-Bot/src/main/java/strongy/gui/mainwindow/triangulation/DetailedTriangulationPanel.java:[39,17] cannot find symbol
  symbol:   method setBackgroundColor(strongy.gui.style.theme.WrappedColor)
  location: class strongy.gui.mainwindow.triangulation.DetailedTriangulationPanel
[ERROR] /X:/Bigger-Projects/Ninjabrain-Bot/src/main/java/strongy/gui/mainwindow/triangulation/DetailedTriangulationPanel.java:[78,9] method does not override or implement a method from a supertype
[ERROR] /X:/Bigger-Projects/Ninjabrain-Bot/src/main/java/strongy/gui/mainwindow/triangulation/DetailedTriangulationPanel.java:[80,17] cannot find symbol
  symbol:   method setPreferredSize(java.awt.Dimension)
  location: class strongy.gui.mainwindow.triangulation.DetailedTriangulationPanel
[ERROR] /X:/Bigger-Projects/Ninjabrain-Bot/src/main/java/strongy/gui/mainwindow/triangulation/ChunkPanelHeader.java:[37,17] cannot find symbol
  symbol:   method setOpaque(boolean)
  location: class strongy.gui.mainwindow.triangulation.ChunkPanelHeader
[ERROR] /X:/Bigger-Projects/Ninjabrain-Bot/src/main/java/strongy/gui/mainwindow/triangulation/ChunkPanelHeader.java:[48,17] cannot find symbol
  symbol:   method setLayout(strongy.gui.style.theme.ColumnLayout)
  location: class strongy.gui.mainwindow.triangulation.ChunkPanelHeader
[ERROR] /X:/Bigger-Projects/Ninjabrain-Bot/src/main/java/strongy/gui/mainwindow/triangulation/ChunkPanelHeader.java:[49,17] cannot find symbol
  symbol:   method add(javax.swing.JLabel)
  location: class strongy.gui.mainwindow.triangulation.ChunkPanelHeader
[ERROR] /X:/Bigger-Projects/Ninjabrain-Bot/src/main/java/strongy/gui/mainwindow/triangulation/ChunkPanelHeader.java:[50,17] cannot find symbol
  symbol:   method add(javax.swing.JLabel)
  location: class strongy.gui.mainwindow.triangulation.ChunkPanelHeader
[ERROR] /X:/Bigger-Projects/Ninjabrain-Bot/src/main/java/strongy/gui/mainwindow/triangulation/ChunkPanelHeader.java:[51,17] cannot find symbol
  symbol:   method add(javax.swing.JLabel)
  location: class strongy.gui.mainwindow.triangulation.ChunkPanelHeader
[ERROR] /X:/Bigger-Projects/Ninjabrain-Bot/src/main/java/strongy/gui/mainwindow/triangulation/ChunkPanelHeader.java:[52,17] cannot find symbol
  symbol:   method add(javax.swing.JLabel)
  location: class strongy.gui.mainwindow.triangulation.ChunkPanelHeader
[ERROR] /X:/Bigger-Projects/Ninjabrain-Bot/src/main/java/strongy/gui/mainwindow/triangulation/ChunkPanelHeader.java:[58,17] cannot find symbol
  symbol:   method setBackgroundColor(strongy.gui.style.theme.WrappedColor)
  location: class strongy.gui.mainwindow.triangulation.ChunkPanelHeader
[ERROR] /X:/Bigger-Projects/Ninjabrain-Bot/src/main/java/strongy/gui/mainwindow/triangulation/ChunkPanelHeader.java:[59,17] cannot find symbol
  symbol:   method setForegroundColor(strongy.gui.style.theme.WrappedColor)
  location: class strongy.gui.mainwindow.triangulation.ChunkPanelHeader
[ERROR] /X:/Bigger-Projects/Ninjabrain-Bot/src/main/java/strongy/gui/mainwindow/triangulation/ChunkPanelHeader.java:[62,9] method does not override or implement a method from a supertype
[ERROR] /X:/Bigger-Projects/Ninjabrain-Bot/src/main/java/strongy/gui/mainwindow/triangulation/ChunkPanelHeader.java:[64,22] cannot find symbol
  symbol: method setFont(java.awt.Font)
[ERROR] /X:/Bigger-Projects/Ninjabrain-Bot/src/main/java/strongy/gui/mainwindow/triangulation/ChunkPanelHeader.java:[72,9] method does not override or implement a method from a supertype
[ERROR] /X:/Bigger-Projects/Ninjabrain-Bot/src/main/java/strongy/gui/mainwindow/triangulation/ChunkPanelHeader.java:[74,22] cannot find symbol
  symbol: method setForeground(java.awt.Color)
[ERROR] /X:/Bigger-Projects/Ninjabrain-Bot/src/main/java/strongy/gui/mainwindow/triangulation/ChunkPanelHeader.java:[89,25] cannot find symbol
  symbol:   method add(javax.swing.JLabel)
  location: class strongy.gui.mainwindow.triangulation.ChunkPanelHeader
[ERROR] /X:/Bigger-Projects/Ninjabrain-Bot/src/main/java/strongy/gui/mainwindow/triangulation/ChunkPanelHeader.java:[91,25] cannot find symbol
  symbol:   method remove(javax.swing.JLabel)
  location: class strongy.gui.mainwindow.triangulation.ChunkPanelHeader
[ERROR] /X:/Bigger-Projects/Ninjabrain-Bot/src/main/java/strongy/gui/mainwindow/triangulation/ChunkPanelHeader.java:[97,27] no suitable constructor found for MatteBorder(int,int,int,int,javafx.scene.paint.Color)
    constructor javax.swing.border.MatteBorder.MatteBorder(int,int,int,int,java.awt.Color) is not applicable
      (argument mismatch; javafx.scene.paint.Color cannot be converted to java.awt.Color)
    constructor javax.swing.border.MatteBorder.MatteBorder(int,int,int,int,javax.swing.Icon) is not applicable
      (argument mismatch; javafx.scene.paint.Color cannot be converted to javax.swing.Icon)
[ERROR] /X:/Bigger-Projects/Ninjabrain-Bot/src/main/java/strongy/gui/mainwindow/triangulation/ChunkPanelHeader.java:[101,9] method does not override or implement a method from a supertype
[ERROR] /X:/Bigger-Projects/Ninjabrain-Bot/src/main/java/strongy/gui/mainwindow/triangulation/ChunkPanelHeader.java:[104,17] cannot find symbol
  symbol:   method setPreferredSize(java.awt.Dimension)
  location: class strongy.gui.mainwindow.triangulation.ChunkPanelHeader
[ERROR] /X:/Bigger-Projects/Ninjabrain-Bot/src/main/java/strongy/gui/mainwindow/triangulation/ChunkPanelHeader.java:[107,9] method does not override or implement a method from a supertype
[ERROR] /X:/Bigger-Projects/Ninjabrain-Bot/src/main/java/strongy/gui/mainwindow/triangulation/ChunkPanel.java:[62,17] cannot find symbol
  symbol:   method setOpaque(boolean)
  location: class strongy.gui.mainwindow.triangulation.ChunkPanel
[ERROR] /X:/Bigger-Projects/Ninjabrain-Bot/src/main/java/strongy/gui/mainwindow/triangulation/ChunkPanel.java:[63,58] incompatible types: boolean cannot be converted to java.lang.String
[ERROR] /X:/Bigger-Projects/Ninjabrain-Bot/src/main/java/strongy/gui/mainwindow/triangulation/ChunkPanel.java:[64,60] incompatible types: boolean cannot be converted to java.lang.String
[ERROR] /X:/Bigger-Projects/Ninjabrain-Bot/src/main/java/strongy/gui/mainwindow/triangulation/ChunkPanel.java:[65,58] incompatible types: boolean cannot be converted to java.lang.String
[ERROR] /X:/Bigger-Projects/Ninjabrain-Bot/src/main/java/strongy/gui/mainwindow/triangulation/ChunkPanel.java:[66,56] incompatible types: boolean cannot be converted to java.lang.String
[ERROR] /X:/Bigger-Projects/Ninjabrain-Bot/src/main/java/strongy/gui/mainwindow/triangulation/ChunkPanel.java:[67,25] no suitable constructor found for ColorMapLabel(strongy.gui.style.StyleManager,boolean,boolean)
    constructor strongy.gui.components.labels.ColorMapLabel.ColorMapLabel(strongy.gui.style.StyleManager) is not applicable
      (actual and formal argument lists differ in length)
    constructor strongy.gui.components.labels.ColorMapLabel.ColorMapLabel(strongy.gui.style.StyleManager,java.lang.String) is not applicable
      (actual and formal argument lists differ in length)
[ERROR] /X:/Bigger-Projects/Ninjabrain-Bot/src/main/java/strongy/gui/mainwindow/triangulation/ChunkPanel.java:[70,41] incompatible types: strongy.gui.components.labels.ThemedLabel cannot be converted to java.awt.Component
[ERROR] /X:/Bigger-Projects/Ninjabrain-Bot/src/main/java/strongy/gui/mainwindow/triangulation/ChunkPanel.java:[71,41] incompatible types: strongy.gui.components.labels.ThemedLabel cannot be converted to java.awt.Component
[ERROR] /X:/Bigger-Projects/Ninjabrain-Bot/src/main/java/strongy/gui/mainwindow/triangulation/ChunkPanel.java:[72,41] incompatible types: strongy.gui.components.labels.ColorMapLabel cannot be converted to java.awt.Component
[ERROR] /X:/Bigger-Projects/Ninjabrain-Bot/src/main/java/strongy/gui/mainwindow/triangulation/ChunkPanel.java:[73,17] cannot find symbol
  symbol:   method setLayout(strongy.gui.style.theme.ColumnLayout)
  location: class strongy.gui.mainwindow.triangulation.ChunkPanel
[ERROR] /X:/Bigger-Projects/Ninjabrain-Bot/src/main/java/strongy/gui/mainwindow/triangulation/ChunkPanel.java:[74,17] cannot find symbol
  symbol:   method add(strongy.gui.components.labels.ThemedLabel)
  location: class strongy.gui.mainwindow.triangulation.ChunkPanel
[ERROR] /X:/Bigger-Projects/Ninjabrain-Bot/src/main/java/strongy/gui/mainwindow/triangulation/ChunkPanel.java:[75,17] cannot find symbol
  symbol:   method add(strongy.gui.components.labels.ColoredLabel)
  location: class strongy.gui.mainwindow.triangulation.ChunkPanel
[ERROR] /X:/Bigger-Projects/Ninjabrain-Bot/src/main/java/strongy/gui/mainwindow/triangulation/ChunkPanel.java:[76,17] cannot find symbol
  symbol:   method add(strongy.gui.components.labels.ThemedLabel)
  location: class strongy.gui.mainwindow.triangulation.ChunkPanel
[ERROR] /X:/Bigger-Projects/Ninjabrain-Bot/src/main/java/strongy/gui/mainwindow/triangulation/ChunkPanel.java:[77,17] cannot find symbol
  symbol:   method add(strongy.gui.components.labels.ThemedLabel)
  location: class strongy.gui.mainwindow.triangulation.ChunkPanel
[ERROR] /X:/Bigger-Projects/Ninjabrain-Bot/src/main/java/strongy/gui/mainwindow/triangulation/ChunkPanel.java:[78,17] cannot find symbol
  symbol:   method add(strongy.gui.components.labels.ColorMapLabel)
  location: class strongy.gui.mainwindow.triangulation.ChunkPanel
[ERROR] /X:/Bigger-Projects/Ninjabrain-Bot/src/main/java/strongy/gui/mainwindow/triangulation/ChunkPanel.java:[85,17] cannot find symbol
  symbol:   method setBackgroundColor(strongy.gui.style.theme.WrappedColor)
  location: class strongy.gui.mainwindow.triangulation.ChunkPanel
[ERROR] /X:/Bigger-Projects/Ninjabrain-Bot/src/main/java/strongy/gui/mainwindow/triangulation/ChunkPanel.java:[86,17] cannot find symbol
  symbol:   method setForegroundColor(strongy.gui.style.theme.WrappedColor)
  location: class strongy.gui.mainwindow.triangulation.ChunkPanel
[ERROR] /X:/Bigger-Projects/Ninjabrain-Bot/src/main/java/strongy/gui/mainwindow/triangulation/ChunkPanel.java:[110,68] cannot find symbol
  symbol:   method setColoredText(java.lang.String,int)
  location: class strongy.gui.components.labels.ColorMapLabel
[ERROR] /X:/Bigger-Projects/Ninjabrain-Bot/src/main/java/strongy/gui/mainwindow/triangulation/ChunkPanel.java:[128,9] method does not override or implement a method from a supertype
[ERROR] /X:/Bigger-Projects/Ninjabrain-Bot/src/main/java/strongy/gui/mainwindow/triangulation/ChunkPanel.java:[130,22] cannot find symbol
  symbol: method setFont(java.awt.Font)
[ERROR] /X:/Bigger-Projects/Ninjabrain-Bot/src/main/java/strongy/gui/mainwindow/triangulation/ChunkPanel.java:[133,34] cannot find symbol
  symbol:   method setFont(java.awt.Font)
  location: variable l of type strongy.gui.components.labels.ILabel
[ERROR] /X:/Bigger-Projects/Ninjabrain-Bot/src/main/java/strongy/gui/mainwindow/triangulation/ChunkPanel.java:[138,9] method does not override or implement a method from a supertype
[ERROR] /X:/Bigger-Projects/Ninjabrain-Bot/src/main/java/strongy/gui/mainwindow/triangulation/ChunkPanel.java:[140,22] cannot find symbol
  symbol: method setForeground(java.awt.Color)
[ERROR] /X:/Bigger-Projects/Ninjabrain-Bot/src/main/java/strongy/gui/mainwindow/triangulation/ChunkPanel.java:[144,42] cannot find symbol
  symbol:   method setForeground(java.awt.Color)
  location: variable l of type strongy.gui.components.labels.ILabel
[ERROR] /X:/Bigger-Projects/Ninjabrain-Bot/src/main/java/strongy/gui/mainwindow/triangulation/ChunkPanel.java:[151,27] no suitable constructor found for MatteBorder(int,int,int,int,javafx.scene.paint.Color)
    constructor javax.swing.border.MatteBorder.MatteBorder(int,int,int,int,java.awt.Color) is not applicable
      (argument mismatch; javafx.scene.paint.Color cannot be converted to java.awt.Color)
    constructor javax.swing.border.MatteBorder.MatteBorder(int,int,int,int,javax.swing.Icon) is not applicable
      (argument mismatch; javafx.scene.paint.Color cannot be converted to javax.swing.Icon)
[ERROR] /X:/Bigger-Projects/Ninjabrain-Bot/src/main/java/strongy/gui/mainwindow/triangulation/ChunkPanel.java:[153,22] cannot find symbol
  symbol:   method updateColor()
  location: variable angle of type strongy.gui.components.labels.ColorMapLabel
[ERROR] /X:/Bigger-Projects/Ninjabrain-Bot/src/main/java/strongy/gui/mainwindow/triangulation/ChunkPanel.java:[158,9] method does not override or implement a method from a supertype
[ERROR] /X:/Bigger-Projects/Ninjabrain-Bot/src/main/java/strongy/gui/mainwindow/triangulation/ChunkPanel.java:[161,17] cannot find symbol
  symbol:   method setPreferredSize(java.awt.Dimension)
  location: class strongy.gui.mainwindow.triangulation.ChunkPanel
[ERROR] /X:/Bigger-Projects/Ninjabrain-Bot/src/main/java/strongy/gui/mainwindow/triangulation/ChunkPanel.java:[164,9] method does not override or implement a method from a supertype
[ERROR] /X:/Bigger-Projects/Ninjabrain-Bot/src/main/java/strongy/gui/mainwindow/triangulation/ChunkPanel.java:[179,26] method setText in class javafx.scene.control.Labeled cannot be applied to given types;
  required: java.lang.String
  found:    java.lang.String,float
  reason: actual and formal argument lists differ in length
[ERROR] /X:/Bigger-Projects/Ninjabrain-Bot/src/main/java/strongy/gui/mainwindow/triangulation/ChunkPanel.java:[183,22] cannot find symbol
  symbol:   method setColoredText(java.lang.String,float)
  location: variable angle of type strongy.gui.components.labels.ColorMapLabel
[ERROR] /X:/Bigger-Projects/Ninjabrain-Bot/src/main/java/strongy/gui/options/Histogram.java:[58,21] cannot find symbol
  symbol: method removeAll()
[ERROR] /X:/Bigger-Projects/Ninjabrain-Bot/src/main/java/strongy/gui/options/Histogram.java:[69,27] incompatible types: strongy.gui.components.labels.ThemedLabel cannot be converted to javax.swing.JLabel
[ERROR] /X:/Bigger-Projects/Ninjabrain-Bot/src/main/java/strongy/gui/options/Histogram.java:[71,17] cannot find symbol
  symbol:   method add(strongy.gui.components.labels.ThemedLabel)
  location: class strongy.gui.options.Histogram
[ERROR] /X:/Bigger-Projects/Ninjabrain-Bot/src/main/java/strongy/gui/options/Histogram.java:[88,22] cannot find symbol
  symbol: method paintComponent(java.awt.Graphics)
[ERROR] /X:/Bigger-Projects/Ninjabrain-Bot/src/main/java/strongy/gui/options/Histogram.java:[89,36] incompatible types: possible lossy conversion from double to int
[ERROR] /X:/Bigger-Projects/Ninjabrain-Bot/src/main/java/strongy/gui/options/Histogram.java:[90,39] incompatible types: possible lossy conversion from double to int
[ERROR] /X:/Bigger-Projects/Ninjabrain-Bot/src/main/java/strongy/gui/options/Histogram.java:[94,91] incompatible types: possible lossy conversion from double to int
[ERROR] /X:/Bigger-Projects/Ninjabrain-Bot/src/main/java/strongy/gui/options/Histogram.java:[97,39] incompatible types: possible lossy conversion from double to int
[ERROR] /X:/Bigger-Projects/Ninjabrain-Bot/src/main/java/strongy/gui/options/Histogram.java:[98,48] incompatible types: possible lossy conversion from double to int
[ERROR] /X:/Bigger-Projects/Ninjabrain-Bot/src/main/java/strongy/gui/options/Histogram.java:[101,116] incompatible types: possible lossy conversion from double to int
[ERROR] /X:/Bigger-Projects/Ninjabrain-Bot/src/main/java/strongy/gui/options/Histogram.java:[108,42] incompatible types: javafx.scene.paint.Color cannot be converted to java.awt.Color
[ERROR] /X:/Bigger-Projects/Ninjabrain-Bot/src/main/java/strongy/gui/options/Histogram.java:[109,42] incompatible types: javafx.scene.paint.Color cannot be converted to java.awt.Color
[ERROR] /X:/Bigger-Projects/Ninjabrain-Bot/src/main/java/strongy/gui/options/Histogram.java:[120,17] cannot find symbol
  symbol:   method repaint()
  location: class strongy.gui.options.Histogram
[ERROR] /X:/Bigger-Projects/Ninjabrain-Bot/src/main/java/strongy/gui/options/sections/ObsOptionsPanel.java:[24,17] constructor StackPanel in class strongy.gui.components.layout.StackPanel cannot be applied to given types;
  required: no arguments
  found:    int
  reason: actual and formal argument lists differ in length
[INFO] 101 errors 
[INFO] -------------------------------------------------------------
[INFO] ------------------------------------------------------------------------
[INFO] BUILD FAILURE
[INFO] ------------------------------------------------------------------------
[INFO] Total time:  3.540 s
[INFO] Finished at: 2026-02-22T23:14:08+05:30
[INFO] ------------------------------------------------------------------------
[ERROR] Failed to execute goal org.apache.maven.plugins:maven-compiler-plugin:3.11.0:compile (default-compile) on project strongy: Compilation failure: Compilation failure: 
[ERROR] /X:/Bigger-Projects/Ninjabrain-Bot/src/main/java/strongy/gui/frames/StrongyFrame.java:[109,75] unmappable character (0x8F) for encoding windows-1252
[ERROR] /X:/Bigger-Projects/Ninjabrain-Bot/src/main/java/strongy/gui/frames/StrongyFrame.java:[69,29] cannot find symbol
[ERROR]   symbol:   class Stage
[ERROR]   location: class strongy.gui.frames.StrongyFrame
[ERROR] /X:/Bigger-Projects/Ninjabrain-Bot/src/main/java/strongy/gui/components/preferences/RadioButtonPanel.java:[10,30] cannot find symbol
[ERROR]   symbol:   class MultipleChoicePreferenceDataTypes
[ERROR]   location: package strongy.io.preferences
[ERROR] /X:/Bigger-Projects/Ninjabrain-Bot/src/main/java/strongy/gui/components/preferences/RadioButtonPanel.java:[11,30] cannot find symbol
[ERROR]   symbol:   class IMultipleChoicePreference
[ERROR]   location: package strongy.io.preferences
[ERROR] /X:/Bigger-Projects/Ninjabrain-Bot/src/main/java/strongy/gui/components/preferences/RadioButtonPanel.java:[17,73] cannot find symbol
[ERROR]   symbol:   class IMultipleChoicePreference
[ERROR]   location: class strongy.gui.components.preferences.RadioButtonPanel
[ERROR] /X:/Bigger-Projects/Ninjabrain-Bot/src/main/java/strongy/gui/GUI.java:[144,51] incompatible types: strongy.gui.frames.StrongyFrame cannot be converted to javax.swing.JFrame
[ERROR] /X:/Bigger-Projects/Ninjabrain-Bot/src/main/java/strongy/gui/frames/StrongyFrame.java:[160,61] cannot find symbol
[ERROR]   symbol:   variable x
[ERROR]   location: variable best of type strongy.model.datastate.stronghold.ChunkPrediction
[ERROR] /X:/Bigger-Projects/Ninjabrain-Bot/src/main/java/strongy/gui/frames/StrongyFrame.java:[160,69] cannot find symbol
[ERROR]   symbol:   variable z
[ERROR]   location: variable best of type strongy.model.datastate.stronghold.ChunkPrediction
[ERROR] /X:/Bigger-Projects/Ninjabrain-Bot/src/main/java/strongy/gui/frames/StrongyFrame.java:[160,77] cannot find symbol
[ERROR]   symbol:   variable certainty
[ERROR]   location: variable best of type strongy.model.datastate.stronghold.ChunkPrediction
[ERROR] /X:/Bigger-Projects/Ninjabrain-Bot/src/main/java/strongy/gui/frames/OptionsFrame.java:[36,17] cannot find symbol
[ERROR]   symbol:   method setLayout(<nulltype>)
[ERROR]   location: class strongy.gui.frames.OptionsFrame
[ERROR] /X:/Bigger-Projects/Ninjabrain-Bot/src/main/java/strongy/gui/frames/OptionsFrame.java:[38,17] cannot find symbol
[ERROR]   symbol:   method add(strongy.gui.components.layout.ThemedTabbedPane)
[ERROR]   location: class strongy.gui.frames.OptionsFrame
[ERROR] /X:/Bigger-Projects/Ninjabrain-Bot/src/main/java/strongy/gui/frames/OptionsFrame.java:[40,63] incompatible types: strongy.gui.options.sections.BasicOptionsPanel cannot be converted to javafx.scene.layout.Region
[ERROR] /X:/Bigger-Projects/Ninjabrain-Bot/src/main/java/strongy/gui/frames/OptionsFrame.java:[41,153] incompatible types: strongy.gui.frames.OptionsFrame cannot be converted to javax.swing.JFrame
[ERROR] /X:/Bigger-Projects/Ninjabrain-Bot/src/main/java/strongy/gui/frames/OptionsFrame.java:[42,114] incompatible types: strongy.gui.frames.OptionsFrame cannot be converted to javax.swing.JFrame
[ERROR] /X:/Bigger-Projects/Ninjabrain-Bot/src/main/java/strongy/gui/frames/OptionsFrame.java:[45,66] incompatible types: strongy.gui.options.sections.LanguageOptionsPanel cannot be converted to javafx.scene.layout.Region
[ERROR] /X:/Bigger-Projects/Ninjabrain-Bot/src/main/java/strongy/gui/frames/OptionsFrame.java:[49,17] cannot find symbol
[ERROR]   symbol:   variable titlebarPanel
[ERROR]   location: class strongy.gui.frames.OptionsFrame
[ERROR] /X:/Bigger-Projects/Ninjabrain-Bot/src/main/java/strongy/gui/frames/OptionsFrame.java:[52,88] invalid method reference
[ERROR]   cannot find symbol
[ERROR]     symbol:   method setAlwaysOnTop()
[ERROR]     location: class strongy.gui.frames.OptionsFrame
[ERROR] /X:/Bigger-Projects/Ninjabrain-Bot/src/main/java/strongy/gui/frames/OptionsFrame.java:[58,38] cannot find symbol
[ERROR]   symbol:   variable titlebarPanel
[ERROR]   location: class strongy.gui.frames.OptionsFrame
[ERROR] /X:/Bigger-Projects/Ninjabrain-Bot/src/main/java/strongy/gui/frames/OptionsFrame.java:[59,45] cannot find symbol
[ERROR]   symbol:   method getPreferredSize()
[ERROR]   location: variable tabbedPane of type strongy.gui.components.layout.ThemedTabbedPane
[ERROR] /X:/Bigger-Projects/Ninjabrain-Bot/src/main/java/strongy/gui/frames/OptionsFrame.java:[60,17] cannot find symbol
[ERROR]   symbol:   variable titlebarPanel
[ERROR]   location: class strongy.gui.frames.OptionsFrame
[ERROR] /X:/Bigger-Projects/Ninjabrain-Bot/src/main/java/strongy/gui/frames/OptionsFrame.java:[61,22] cannot find symbol
[ERROR]   symbol: method updateBounds(strongy.gui.style.StyleManager)
[ERROR] /X:/Bigger-Projects/Ninjabrain-Bot/src/main/java/strongy/gui/frames/OptionsFrame.java:[62,27] cannot find symbol
[ERROR]   symbol:   method setBounds(int,int,int,int)
[ERROR]   location: variable tabbedPane of type strongy.gui.components.layout.ThemedTabbedPane
[ERROR] /X:/Bigger-Projects/Ninjabrain-Bot/src/main/java/strongy/gui/frames/OptionsFrame.java:[63,17] cannot find symbol
[ERROR]   symbol:   method setSize(int,int)
[ERROR]   location: class strongy.gui.frames.OptionsFrame
[ERROR] /X:/Bigger-Projects/Ninjabrain-Bot/src/main/java/strongy/gui/frames/OptionsFrame.java:[64,60] cannot find symbol
[ERROR]   symbol:   method getWidth()
[ERROR]   location: class strongy.gui.frames.OptionsFrame
[ERROR] /X:/Bigger-Projects/Ninjabrain-Bot/src/main/java/strongy/gui/frames/OptionsFrame.java:[64,72] cannot find symbol
[ERROR]   symbol:   method getHeight()
[ERROR]   location: class strongy.gui.frames.OptionsFrame
[ERROR] /X:/Bigger-Projects/Ninjabrain-Bot/src/main/java/strongy/gui/frames/OptionsFrame.java:[64,17] cannot find symbol
[ERROR]   symbol:   method setShape(java.awt.geom.RoundRectangle2D.Double)
[ERROR]   location: class strongy.gui.frames.OptionsFrame
[ERROR] /X:/Bigger-Projects/Ninjabrain-Bot/src/main/java/strongy/io/overlay/OBSOverlay.java:[104,75] cannot find symbol
[ERROR]   symbol:   method getWidth()
[ERROR]   location: variable StrongyFrame of type strongy.gui.frames.StrongyFrame
[ERROR] /X:/Bigger-Projects/Ninjabrain-Bot/src/main/java/strongy/io/overlay/OBSOverlay.java:[104,100] cannot find symbol
[ERROR]   symbol:   method getHeight()
[ERROR]   location: variable StrongyFrame of type strongy.gui.frames.StrongyFrame
[ERROR] /X:/Bigger-Projects/Ninjabrain-Bot/src/main/java/strongy/io/overlay/OBSOverlay.java:[119,75] cannot find symbol
[ERROR]   symbol:   method getWidth()
[ERROR]   location: variable StrongyFrame of type strongy.gui.frames.StrongyFrame
[ERROR] /X:/Bigger-Projects/Ninjabrain-Bot/src/main/java/strongy/io/overlay/OBSOverlay.java:[119,100] cannot find symbol
[ERROR]   symbol:   method getHeight()
[ERROR]   location: variable StrongyFrame of type strongy.gui.frames.StrongyFrame
[ERROR] /X:/Bigger-Projects/Ninjabrain-Bot/src/main/java/strongy/io/overlay/OBSOverlay.java:[122,45] cannot find symbol
[ERROR]   symbol:   method paint(java.awt.Graphics2D)
[ERROR]   location: variable StrongyFrame of type strongy.gui.frames.StrongyFrame
[ERROR] /X:/Bigger-Projects/Ninjabrain-Bot/src/main/java/strongy/gui/mainwindow/triangulation/DetailedTriangulationPanel.java:[28,41] incompatible types: strongy.gui.mainwindow.triangulation.DetailedTriangulationPanel cannot be converted to java.awt.Container
[ERROR] /X:/Bigger-Projects/Ninjabrain-Bot/src/main/java/strongy/gui/mainwindow/triangulation/DetailedTriangulationPanel.java:[29,17] cannot find symbol
[ERROR]   symbol:   method setAlignmentX(int)
[ERROR]   location: class strongy.gui.mainwindow.triangulation.DetailedTriangulationPanel
[ERROR] /X:/Bigger-Projects/Ninjabrain-Bot/src/main/java/strongy/gui/mainwindow/triangulation/DetailedTriangulationPanel.java:[31,17] cannot find symbol
[ERROR]   symbol:   method add(strongy.gui.mainwindow.triangulation.ChunkPanelHeader)
[ERROR]   location: class strongy.gui.mainwindow.triangulation.DetailedTriangulationPanel
[ERROR] /X:/Bigger-Projects/Ninjabrain-Bot/src/main/java/strongy/gui/mainwindow/triangulation/DetailedTriangulationPanel.java:[36,25] cannot find symbol
[ERROR]   symbol:   method add(strongy.gui.mainwindow.triangulation.ChunkPanel)
[ERROR]   location: class strongy.gui.mainwindow.triangulation.DetailedTriangulationPanel
[ERROR] /X:/Bigger-Projects/Ninjabrain-Bot/src/main/java/strongy/gui/mainwindow/triangulation/DetailedTriangulationPanel.java:[39,17] cannot find symbol
[ERROR]   symbol:   method setBackgroundColor(strongy.gui.style.theme.WrappedColor)
[ERROR]   location: class strongy.gui.mainwindow.triangulation.DetailedTriangulationPanel
[ERROR] /X:/Bigger-Projects/Ninjabrain-Bot/src/main/java/strongy/gui/mainwindow/triangulation/DetailedTriangulationPanel.java:[78,9] method does not override or implement a method from a supertype
[ERROR] /X:/Bigger-Projects/Ninjabrain-Bot/src/main/java/strongy/gui/mainwindow/triangulation/DetailedTriangulationPanel.java:[80,17] cannot find symbol
[ERROR]   symbol:   method setPreferredSize(java.awt.Dimension)
[ERROR]   location: class strongy.gui.mainwindow.triangulation.DetailedTriangulationPanel
[ERROR] /X:/Bigger-Projects/Ninjabrain-Bot/src/main/java/strongy/gui/mainwindow/triangulation/ChunkPanelHeader.java:[37,17] cannot find symbol
[ERROR]   symbol:   method setOpaque(boolean)
[ERROR]   location: class strongy.gui.mainwindow.triangulation.ChunkPanelHeader
[ERROR] /X:/Bigger-Projects/Ninjabrain-Bot/src/main/java/strongy/gui/mainwindow/triangulation/ChunkPanelHeader.java:[48,17] cannot find symbol
[ERROR]   symbol:   method setLayout(strongy.gui.style.theme.ColumnLayout)
[ERROR]   location: class strongy.gui.mainwindow.triangulation.ChunkPanelHeader
[ERROR] /X:/Bigger-Projects/Ninjabrain-Bot/src/main/java/strongy/gui/mainwindow/triangulation/ChunkPanelHeader.java:[49,17] cannot find symbol
[ERROR]   symbol:   method add(javax.swing.JLabel)
[ERROR]   location: class strongy.gui.mainwindow.triangulation.ChunkPanelHeader
[ERROR] /X:/Bigger-Projects/Ninjabrain-Bot/src/main/java/strongy/gui/mainwindow/triangulation/ChunkPanelHeader.java:[50,17] cannot find symbol
[ERROR]   symbol:   method add(javax.swing.JLabel)
[ERROR]   location: class strongy.gui.mainwindow.triangulation.ChunkPanelHeader
[ERROR] /X:/Bigger-Projects/Ninjabrain-Bot/src/main/java/strongy/gui/mainwindow/triangulation/ChunkPanelHeader.java:[51,17] cannot find symbol
[ERROR]   symbol:   method add(javax.swing.JLabel)
[ERROR]   location: class strongy.gui.mainwindow.triangulation.ChunkPanelHeader
[ERROR] /X:/Bigger-Projects/Ninjabrain-Bot/src/main/java/strongy/gui/mainwindow/triangulation/ChunkPanelHeader.java:[52,17] cannot find symbol
[ERROR]   symbol:   method add(javax.swing.JLabel)
[ERROR]   location: class strongy.gui.mainwindow.triangulation.ChunkPanelHeader
[ERROR] /X:/Bigger-Projects/Ninjabrain-Bot/src/main/java/strongy/gui/mainwindow/triangulation/ChunkPanelHeader.java:[58,17] cannot find symbol
[ERROR]   symbol:   method setBackgroundColor(strongy.gui.style.theme.WrappedColor)
[ERROR]   location: class strongy.gui.mainwindow.triangulation.ChunkPanelHeader
[ERROR] /X:/Bigger-Projects/Ninjabrain-Bot/src/main/java/strongy/gui/mainwindow/triangulation/ChunkPanelHeader.java:[59,17] cannot find symbol
[ERROR]   symbol:   method setForegroundColor(strongy.gui.style.theme.WrappedColor)
[ERROR]   location: class strongy.gui.mainwindow.triangulation.ChunkPanelHeader
[ERROR] /X:/Bigger-Projects/Ninjabrain-Bot/src/main/java/strongy/gui/mainwindow/triangulation/ChunkPanelHeader.java:[62,9] method does not override or implement a method from a supertype
[ERROR] /X:/Bigger-Projects/Ninjabrain-Bot/src/main/java/strongy/gui/mainwindow/triangulation/ChunkPanelHeader.java:[64,22] cannot find symbol
[ERROR]   symbol: method setFont(java.awt.Font)
[ERROR] /X:/Bigger-Projects/Ninjabrain-Bot/src/main/java/strongy/gui/mainwindow/triangulation/ChunkPanelHeader.java:[72,9] method does not override or implement a method from a supertype
[ERROR] /X:/Bigger-Projects/Ninjabrain-Bot/src/main/java/strongy/gui/mainwindow/triangulation/ChunkPanelHeader.java:[74,22] cannot find symbol
[ERROR]   symbol: method setForeground(java.awt.Color)
[ERROR] /X:/Bigger-Projects/Ninjabrain-Bot/src/main/java/strongy/gui/mainwindow/triangulation/ChunkPanelHeader.java:[89,25] cannot find symbol
[ERROR]   symbol:   method add(javax.swing.JLabel)
[ERROR]   location: class strongy.gui.mainwindow.triangulation.ChunkPanelHeader
[ERROR] /X:/Bigger-Projects/Ninjabrain-Bot/src/main/java/strongy/gui/mainwindow/triangulation/ChunkPanelHeader.java:[91,25] cannot find symbol
[ERROR]   symbol:   method remove(javax.swing.JLabel)
[ERROR]   location: class strongy.gui.mainwindow.triangulation.ChunkPanelHeader
[ERROR] /X:/Bigger-Projects/Ninjabrain-Bot/src/main/java/strongy/gui/mainwindow/triangulation/ChunkPanelHeader.java:[97,27] no suitable constructor found for MatteBorder(int,int,int,int,javafx.scene.paint.Color)
[ERROR]     constructor javax.swing.border.MatteBorder.MatteBorder(int,int,int,int,java.awt.Color) is not applicable
[ERROR]       (argument mismatch; javafx.scene.paint.Color cannot be converted to java.awt.Color)
[ERROR]     constructor javax.swing.border.MatteBorder.MatteBorder(int,int,int,int,javax.swing.Icon) is not applicable
[ERROR]       (argument mismatch; javafx.scene.paint.Color cannot be converted to javax.swing.Icon)
[ERROR] /X:/Bigger-Projects/Ninjabrain-Bot/src/main/java/strongy/gui/mainwindow/triangulation/ChunkPanelHeader.java:[101,9] method does not override or implement a method from a supertype
[ERROR] /X:/Bigger-Projects/Ninjabrain-Bot/src/main/java/strongy/gui/mainwindow/triangulation/ChunkPanelHeader.java:[104,17] cannot find symbol
[ERROR]   symbol:   method setPreferredSize(java.awt.Dimension)
[ERROR]   location: class strongy.gui.mainwindow.triangulation.ChunkPanelHeader
[ERROR] /X:/Bigger-Projects/Ninjabrain-Bot/src/main/java/strongy/gui/mainwindow/triangulation/ChunkPanelHeader.java:[107,9] method does not override or implement a method from a supertype
[ERROR] /X:/Bigger-Projects/Ninjabrain-Bot/src/main/java/strongy/gui/mainwindow/triangulation/ChunkPanel.java:[62,17] cannot find symbol
[ERROR]   symbol:   method setOpaque(boolean)
[ERROR]   location: class strongy.gui.mainwindow.triangulation.ChunkPanel
[ERROR] /X:/Bigger-Projects/Ninjabrain-Bot/src/main/java/strongy/gui/mainwindow/triangulation/ChunkPanel.java:[63,58] incompatible types: boolean cannot be converted to java.lang.String
[ERROR] /X:/Bigger-Projects/Ninjabrain-Bot/src/main/java/strongy/gui/mainwindow/triangulation/ChunkPanel.java:[64,60] incompatible types: boolean cannot be converted to java.lang.String
[ERROR] /X:/Bigger-Projects/Ninjabrain-Bot/src/main/java/strongy/gui/mainwindow/triangulation/ChunkPanel.java:[65,58] incompatible types: boolean cannot be converted to java.lang.String
[ERROR] /X:/Bigger-Projects/Ninjabrain-Bot/src/main/java/strongy/gui/mainwindow/triangulation/ChunkPanel.java:[66,56] incompatible types: boolean cannot be converted to java.lang.String
[ERROR] /X:/Bigger-Projects/Ninjabrain-Bot/src/main/java/strongy/gui/mainwindow/triangulation/ChunkPanel.java:[67,25] no suitable constructor found for ColorMapLabel(strongy.gui.style.StyleManager,boolean,boolean)
[ERROR]     constructor strongy.gui.components.labels.ColorMapLabel.ColorMapLabel(strongy.gui.style.StyleManager) is not applicable
[ERROR]       (actual and formal argument lists differ in length)
[ERROR]     constructor strongy.gui.components.labels.ColorMapLabel.ColorMapLabel(strongy.gui.style.StyleManager,java.lang.String) is not applicable
[ERROR]       (actual and formal argument lists differ in length)
[ERROR] /X:/Bigger-Projects/Ninjabrain-Bot/src/main/java/strongy/gui/mainwindow/triangulation/ChunkPanel.java:[70,41] incompatible types: strongy.gui.components.labels.ThemedLabel cannot be converted to java.awt.Component
[ERROR] /X:/Bigger-Projects/Ninjabrain-Bot/src/main/java/strongy/gui/mainwindow/triangulation/ChunkPanel.java:[71,41] incompatible types: strongy.gui.components.labels.ThemedLabel cannot be converted to java.awt.Component
[ERROR] /X:/Bigger-Projects/Ninjabrain-Bot/src/main/java/strongy/gui/mainwindow/triangulation/ChunkPanel.java:[72,41] incompatible types: strongy.gui.components.labels.ColorMapLabel cannot be converted to java.awt.Component
[ERROR] /X:/Bigger-Projects/Ninjabrain-Bot/src/main/java/strongy/gui/mainwindow/triangulation/ChunkPanel.java:[73,17] cannot find symbol
[ERROR]   symbol:   method setLayout(strongy.gui.style.theme.ColumnLayout)
[ERROR]   location: class strongy.gui.mainwindow.triangulation.ChunkPanel
[ERROR] /X:/Bigger-Projects/Ninjabrain-Bot/src/main/java/strongy/gui/mainwindow/triangulation/ChunkPanel.java:[74,17] cannot find symbol
[ERROR]   symbol:   method add(strongy.gui.components.labels.ThemedLabel)
[ERROR]   location: class strongy.gui.mainwindow.triangulation.ChunkPanel
[ERROR] /X:/Bigger-Projects/Ninjabrain-Bot/src/main/java/strongy/gui/mainwindow/triangulation/ChunkPanel.java:[75,17] cannot find symbol
[ERROR]   symbol:   method add(strongy.gui.components.labels.ColoredLabel)
[ERROR]   location: class strongy.gui.mainwindow.triangulation.ChunkPanel
[ERROR] /X:/Bigger-Projects/Ninjabrain-Bot/src/main/java/strongy/gui/mainwindow/triangulation/ChunkPanel.java:[76,17] cannot find symbol
[ERROR]   symbol:   method add(strongy.gui.components.labels.ThemedLabel)
[ERROR]   location: class strongy.gui.mainwindow.triangulation.ChunkPanel
[ERROR] /X:/Bigger-Projects/Ninjabrain-Bot/src/main/java/strongy/gui/mainwindow/triangulation/ChunkPanel.java:[77,17] cannot find symbol
[ERROR]   symbol:   method add(strongy.gui.components.labels.ThemedLabel)
[ERROR]   location: class strongy.gui.mainwindow.triangulation.ChunkPanel
[ERROR] /X:/Bigger-Projects/Ninjabrain-Bot/src/main/java/strongy/gui/mainwindow/triangulation/ChunkPanel.java:[78,17] cannot find symbol
[ERROR]   symbol:   method add(strongy.gui.components.labels.ColorMapLabel)
[ERROR]   location: class strongy.gui.mainwindow.triangulation.ChunkPanel
[ERROR] /X:/Bigger-Projects/Ninjabrain-Bot/src/main/java/strongy/gui/mainwindow/triangulation/ChunkPanel.java:[85,17] cannot find symbol
[ERROR]   symbol:   method setBackgroundColor(strongy.gui.style.theme.WrappedColor)
[ERROR]   location: class strongy.gui.mainwindow.triangulation.ChunkPanel
[ERROR] /X:/Bigger-Projects/Ninjabrain-Bot/src/main/java/strongy/gui/mainwindow/triangulation/ChunkPanel.java:[86,17] cannot find symbol
[ERROR]   symbol:   method setForegroundColor(strongy.gui.style.theme.WrappedColor)
[ERROR]   location: class strongy.gui.mainwindow.triangulation.ChunkPanel
[ERROR] /X:/Bigger-Projects/Ninjabrain-Bot/src/main/java/strongy/gui/mainwindow/triangulation/ChunkPanel.java:[110,68] cannot find symbol
[ERROR]   symbol:   method setColoredText(java.lang.String,int)
[ERROR]   location: class strongy.gui.components.labels.ColorMapLabel
[ERROR] /X:/Bigger-Projects/Ninjabrain-Bot/src/main/java/strongy/gui/mainwindow/triangulation/ChunkPanel.java:[128,9] method does not override or implement a method from a supertype
[ERROR] /X:/Bigger-Projects/Ninjabrain-Bot/src/main/java/strongy/gui/mainwindow/triangulation/ChunkPanel.java:[130,22] cannot find symbol
[ERROR]   symbol: method setFont(java.awt.Font)
[ERROR] /X:/Bigger-Projects/Ninjabrain-Bot/src/main/java/strongy/gui/mainwindow/triangulation/ChunkPanel.java:[133,34] cannot find symbol
[ERROR]   symbol:   method setFont(java.awt.Font)
[ERROR]   location: variable l of type strongy.gui.components.labels.ILabel
[ERROR] /X:/Bigger-Projects/Ninjabrain-Bot/src/main/java/strongy/gui/mainwindow/triangulation/ChunkPanel.java:[138,9] method does not override or implement a method from a supertype
[ERROR] /X:/Bigger-Projects/Ninjabrain-Bot/src/main/java/strongy/gui/mainwindow/triangulation/ChunkPanel.java:[140,22] cannot find symbol
[ERROR]   symbol: method setForeground(java.awt.Color)
[ERROR] /X:/Bigger-Projects/Ninjabrain-Bot/src/main/java/strongy/gui/mainwindow/triangulation/ChunkPanel.java:[144,42] cannot find symbol
[ERROR]   symbol:   method setForeground(java.awt.Color)
[ERROR]   location: variable l of type strongy.gui.components.labels.ILabel
[ERROR] /X:/Bigger-Projects/Ninjabrain-Bot/src/main/java/strongy/gui/mainwindow/triangulation/ChunkPanel.java:[151,27] no suitable constructor found for MatteBorder(int,int,int,int,javafx.scene.paint.Color)
[ERROR]     constructor javax.swing.border.MatteBorder.MatteBorder(int,int,int,int,java.awt.Color) is not applicable
[ERROR]       (argument mismatch; javafx.scene.paint.Color cannot be converted to java.awt.Color)
[ERROR]     constructor javax.swing.border.MatteBorder.MatteBorder(int,int,int,int,javax.swing.Icon) is not applicable
[ERROR]       (argument mismatch; javafx.scene.paint.Color cannot be converted to javax.swing.Icon)
[ERROR] /X:/Bigger-Projects/Ninjabrain-Bot/src/main/java/strongy/gui/mainwindow/triangulation/ChunkPanel.java:[153,22] cannot find symbol
[ERROR]   symbol:   method updateColor()
[ERROR]   location: variable angle of type strongy.gui.components.labels.ColorMapLabel
[ERROR] /X:/Bigger-Projects/Ninjabrain-Bot/src/main/java/strongy/gui/mainwindow/triangulation/ChunkPanel.java:[158,9] method does not override or implement a method from a supertype
[ERROR] /X:/Bigger-Projects/Ninjabrain-Bot/src/main/java/strongy/gui/mainwindow/triangulation/ChunkPanel.java:[161,17] cannot find symbol
[ERROR]   symbol:   method setPreferredSize(java.awt.Dimension)
[ERROR]   location: class strongy.gui.mainwindow.triangulation.ChunkPanel
[ERROR] /X:/Bigger-Projects/Ninjabrain-Bot/src/main/java/strongy/gui/mainwindow/triangulation/ChunkPanel.java:[164,9] method does not override or implement a method from a supertype
[ERROR] /X:/Bigger-Projects/Ninjabrain-Bot/src/main/java/strongy/gui/mainwindow/triangulation/ChunkPanel.java:[179,26] method setText in class javafx.scene.control.Labeled cannot be applied to given types;
[ERROR]   required: java.lang.String
[ERROR]   found:    java.lang.String,float
[ERROR]   reason: actual and formal argument lists differ in length
[ERROR] /X:/Bigger-Projects/Ninjabrain-Bot/src/main/java/strongy/gui/mainwindow/triangulation/ChunkPanel.java:[183,22] cannot find symbol
[ERROR]   symbol:   method setColoredText(java.lang.String,float)
[ERROR]   location: variable angle of type strongy.gui.components.labels.ColorMapLabel
[ERROR] /X:/Bigger-Projects/Ninjabrain-Bot/src/main/java/strongy/gui/options/Histogram.java:[58,21] cannot find symbol
[ERROR]   symbol: method removeAll()
[ERROR] /X:/Bigger-Projects/Ninjabrain-Bot/src/main/java/strongy/gui/options/Histogram.java:[69,27] incompatible types: strongy.gui.components.labels.ThemedLabel cannot be converted to javax.swing.JLabel
[ERROR] /X:/Bigger-Projects/Ninjabrain-Bot/src/main/java/strongy/gui/options/Histogram.java:[71,17] cannot find symbol
[ERROR]   symbol:   method add(strongy.gui.components.labels.ThemedLabel)
[ERROR]   location: class strongy.gui.options.Histogram
[ERROR] /X:/Bigger-Projects/Ninjabrain-Bot/src/main/java/strongy/gui/options/Histogram.java:[88,22] cannot find symbol
[ERROR]   symbol: method paintComponent(java.awt.Graphics)
[ERROR] /X:/Bigger-Projects/Ninjabrain-Bot/src/main/java/strongy/gui/options/Histogram.java:[89,36] incompatible types: possible lossy conversion from double to int
[ERROR] /X:/Bigger-Projects/Ninjabrain-Bot/src/main/java/strongy/gui/options/Histogram.java:[90,39] incompatible types: possible lossy conversion from double to int
[ERROR] /X:/Bigger-Projects/Ninjabrain-Bot/src/main/java/strongy/gui/options/Histogram.java:[94,91] incompatible types: possible lossy conversion from double to int
[ERROR] /X:/Bigger-Projects/Ninjabrain-Bot/src/main/java/strongy/gui/options/Histogram.java:[97,39] incompatible types: possible lossy conversion from double to int
[ERROR] /X:/Bigger-Projects/Ninjabrain-Bot/src/main/java/strongy/gui/options/Histogram.java:[98,48] incompatible types: possible lossy conversion from double to int
[ERROR] /X:/Bigger-Projects/Ninjabrain-Bot/src/main/java/strongy/gui/options/Histogram.java:[101,116] incompatible types: possible lossy conversion from double to int
[ERROR] /X:/Bigger-Projects/Ninjabrain-Bot/src/main/java/strongy/gui/options/Histogram.java:[108,42] incompatible types: javafx.scene.paint.Color cannot be converted to java.awt.Color
[ERROR] /X:/Bigger-Projects/Ninjabrain-Bot/src/main/java/strongy/gui/options/Histogram.java:[109,42] incompatible types: javafx.scene.paint.Color cannot be converted to java.awt.Color
[ERROR] /X:/Bigger-Projects/Ninjabrain-Bot/src/main/java/strongy/gui/options/Histogram.java:[120,17] cannot find symbol
[ERROR]   symbol:   method repaint()
[ERROR]   location: class strongy.gui.options.Histogram
[ERROR] /X:/Bigger-Projects/Ninjabrain-Bot/src/main/java/strongy/gui/options/sections/ObsOptionsPanel.java:[24,17] constructor StackPanel in class strongy.gui.components.layout.StackPanel cannot be applied to given types;
[ERROR]   required: no arguments
[ERROR]   found:    int
[ERROR]   reason: actual and formal argument lists differ in length
[ERROR] -> [Help 1]
[ERROR] 
[ERROR] To see the full stack trace of the errors, re-run Maven with the -e switch.
[ERROR] Re-run Maven using the -X switch to enable full debug logging.
[ERROR] 
[ERROR] For more information about the errors and possible solutions, please read the following articles:
[ERROR] [Help 1] http://cwiki.apache.org/confluence/display/MAVEN/MojoFailureException
